// Jest Snapshot v1, https://goo.gl/fbAQLP

exports[`should render Answers with answers 1`] = `ShallowWrapper {}`;
