// Jest Snapshot v1, https://goo.gl/fbAQLP

exports[`should render Questions with questions 1`] = `ShallowWrapper {}`;
